// Jest Snapshot v1, https://goo.gl/fbAQLP

exports[`Button component render 1`] = `
<div
  className="myProfile"
>
  <div>
    <h2>
      My Missions
    </h2>
    <p>
      You have no missions
    </p>
  </div>
  <div>
    <h2>
      My Rockets
    </h2>
    <p>
      You have no Rockets
    </p>
  </div>
</div>
`;
